// Jest Snapshot v1, https://goo.gl/fbAQLP

exports[`text.hbs 1`] = `
====================================options=====================================
parsers: ["glimmer"]
printWidth: 80
                                                                                | printWidth
=====================================input======================================
hello

a b c

1  2      3
=====================================output=====================================
hello a b c 1 2 3

================================================================================
`;
